cargo :     Checking nexspot v0.2.1 (F:\m
y_ai\nexspot\src-tauri)
所在位置 行:1 字符: 1
+ cargo check --manifest-path src-tauri/C
argo.toml > build_errors.txt 2 ...
+ ~~~~~~~~~~~~~~~~~~~~~~~~~~~~~~~~~~~~~~~
~~~~~~~~~~~~~~~~~~~~~~~~~~~~~~
    + CategoryInfo          : NotSpecifi 
   ed: (    Checking ne...spot\src-taur  
  i):String) [], RemoteException
    + FullyQualifiedErrorId : NativeComm 
   andError
 
error[E0425]: cannot find function `execu
te_ai_shortcut` in module `crate::service
::workflow`
  --> src\service\hotkey\mod.rs:34:59
   |
34 | ...                   crate::service
::workflow::execute_ai_shortcut(
   |                                     
            ^^^^^^^^^^^^^^^^^^^ not found
 in `crate::service::workflow`

error[E0061]: this function takes 3 argum
ents but 2 arguments were supplied
  --> src\commands\capture.rs:28:5
   |
28 |     crate::service::workflow::execut
e_capture_workflow(app, workflow).await;
   |     ^^^^^^^^^^^^^^^^^^^^^^^^^^^^^^^^
^^^^^^^^^^^^^^^^^^--------------- argumen
t #3 of type `std::option::Option<std::st
ring::String>` is missing
   |
note: function defined here
  --> src\service\workflow\mod.rs:6:14
   |
 6 | pub async fn execute_capture_workflo
w<R: tauri::Runtime>(
   |              ^^^^^^^^^^^^^^^^^^^^^^^
^
...
 9 |     ai_prompt: Option<String>,
   |     -------------------------
help: provide the argument
   |
28 |     crate::service::workflow::execut
e_capture_workflow(app, workflow, /* std:
:option::Option<std::string::String> */).
await;
   |                                     
                                +++++++++
+++++++++++++++++++++++++++++++++++++++

error[E0061]: this function takes 3 argum
ents but 2 arguments were supplied
  --> src\service\hotkey\mod.rs:26:33
   |
26 |   ...                   crate::servi
ce::workflow::execute_capture_workflow(
   |  _______________________^^^^^^^^^^^^
^^^^^^^^^^^^^^^^^^^^^^^^^^^^^^^^^^^^^^-
27 | | ...                       app_hand
le, workflow,
28 | | ...                   )
   | |_______________________- argument #
3 of type `std::option::Option<std::strin
g::String>` is missing
   |
note: function defined here
  --> src\service\workflow\mod.rs:6:14
   |
 6 | pub async fn execute_capture_workflo
w<R: tauri::Runtime>(
   |              ^^^^^^^^^^^^^^^^^^^^^^^
^
...
 9 |     ai_prompt: Option<String>,
   |     -------------------------
help: provide the argument
   |
26 -                                 crat
e::service::workflow::execute_capture_wor
kflow(
27 -                                     
app_handle, workflow,
28 -                                 )
26 +                                 crat
e::service::workflow::execute_capture_wor
kflow(app_handle, workflow, /* std::optio
n::Option<std::string::String> */)
   |

error[E0061]: this function takes 3 argum
ents but 2 arguments were supplied
  --> src\service\tray\mod.rs:89:25
   |
89 |                         crate::servi
ce::workflow::execute_capture_workflow(ap
p_handle, workflow)
   |                         ^^^^^^^^^^^^
^^^^^^^^^^^^^^^^^^^^^^^^^^^^^^^^^^^^^^---
------------------- argument #3 of type `
std::option::Option<std::string::String>`
 is missing
   |
note: function defined here
  --> src\service\workflow\mod.rs:6:14
   |
 6 | pub async fn execute_capture_workflo
w<R: tauri::Runtime>(
   |              ^^^^^^^^^^^^^^^^^^^^^^^
^
...
 9 |     ai_prompt: Option<String>,
   |     -------------------------
help: provide the argument
   |
89 |                         crate::servi
ce::workflow::execute_capture_workflow(ap
p_handle, workflow, /* std::option::Optio
n<std::string::String> */)
   |                                     
                                         
                  +++++++++++++++++++++++
+++++++++++++++++++++++++

Some errors have detailed explanations: E
0061, E0425.
For more information about an error, try 
`rustc --explain E0061`.
error: could not compile `nexspot` (lib) 
due to 4 previous errors
